[exception] Error: ee
    at main ([WILDCARD]/tests/testdata/1_throw_error.js:2)
    at <anonymous> ([WILDCARD]/tests/testdata/1_throw_error.js:5)

